******************************************************************************
                  TI ARM Linker Unix v20.2.7                   
******************************************************************************
>> Linked Fri Nov 29 15:42:58 2024

OUTPUT FILE NAME:   <micro_test.out>
ENTRY POINT SYMBOL: "_c_int00_noargs"  address: 00003235


MEMORY CONFIGURATION

         name            origin    length      used     unused   attr    fill
----------------------  --------  ---------  --------  --------  ----  --------
  MAIN                  00000000   00040000  00003639  0003c9c7  R  X
  INFO                  00200000   00004000  00000000  00004000  R  X
  SRAM_CODE             01000000   00010000  000009d4  0000f62c  RW X
  SRAM_DATA             20000000   00010000  000009d4  0000f62c  RW  


SEGMENT ALLOCATION MAP

run origin  load origin   length   init length attrs members
----------  ----------- ---------- ----------- ----- -------
00000000    00000000    00003640   00003640    r-x
  00000000    00000000    000000e4   000000e4    r-- .intvecs
  000000e4    000000e4    000033bc   000033bc    r-x .text
  000034a0    000034a0    00000101   00000101    r-- .const
  000035a8    000035a8    00000098   00000098    r-- .cinit
20000000    20000000    000007d4   00000000    rw-
  20000000    20000000    00000400   00000000    rw- .sysmem
  20000400    20000400    00000204   00000000    rw- .data
  20000604    20000604    000001d0   00000000    rw- .bss
2000fe00    2000fe00    00000200   00000000    rw-
  2000fe00    2000fe00    00000200   00000000    rw- .stack


SECTION ALLOCATION MAP

 output                                  attributes/
section   page    origin      length       input sections
--------  ----  ----------  ----------   ----------------
.intvecs   0    00000000    000000e4     
                  00000000    000000e4     startup_msp432p401r_ccs.obj (.intvecs:retain)

.text      0    000000e4    000033bc     
                  000000e4    00000a4e     rtsv7M4_T_le_v4SPD16_eabi.lib : _printfi.c.obj (.text:__TI_printfi)
                  00000b32    00000002                                   : _lock.c.obj (.text:_nop)
                  00000b34    000004a8     main.obj (.text)
                  00000fdc    00000334     system_msp432p401r.obj (.text)
                  00001310    00000270     rtsv7M4_T_le_v4SPD16_eabi.lib : _printfi.c.obj (.text:_pconv_a)
                  00001580    000001e0     Clock.obj (.text)
                  00001760    000001d0     rtsv7M4_T_le_v4SPD16_eabi.lib : _printfi.c.obj (.text:_pconv_g)
                  00001930    000001b6                                   : fd_add_t2.asm.obj (.text)
                  00001ae6    00000002                                   : div0.asm.obj (.text)
                  00001ae8    0000013c                                   : _printfi.c.obj (.text:_pconv_e)
                  00001c24    00000136                                   : fd_div_t2.asm.obj (.text)
                  00001d5a    00000002     --HOLE-- [fill = 0]
                  00001d5c    00000124                                   : _printfi.c.obj (.text:fcvt)
                  00001e80    00000114                                   : fputs.c.obj (.text:fputs)
                  00001f94    00000110                                   : s_scalbn.c.obj (.text:scalbn)
                  000020a4    00000100                                   : memory.c.obj (.text:aligned_alloc)
                  000021a4    000000fc                                   : fd_mul_t2.asm.obj (.text)
                  000022a0    000000e4                                   : memory.c.obj (.text:free)
                  00002384    000000dc                                   : setvbuf.c.obj (.text:setvbuf)
                  00002460    000000b1                                   : _printfi.c.obj (.text:_ltostr)
                  00002511    00000001     --HOLE-- [fill = 0]
                  00002512    0000009c                                   : memcpy_t2.asm.obj (.text)
                  000025ae    00000096                                   : ull_div_t2.asm.obj (.text)
                  00002644    0000008c                                   : fputc.c.obj (.text:fputc)
                  000026d0    00000086                                   : fd_cmp_t2.asm.obj (.text:__aeabi_cdcmple)
                  00002756    00000086                                   : fd_cmp_t2.asm.obj (.text:__aeabi_cdrcmple)
                  000027dc    0000007a                                   : memset_t2.asm.obj (.text)
                  00002856    00000002     --HOLE-- [fill = 0]
                  00002858    00000074                                   : fclose.c.obj (.text:__TI_closefile)
                  000028cc    00000070                                   : memory.c.obj (.text:split)
                  0000293c    0000006e                                   : _printfi.c.obj (.text:_mcpy)
                  000029aa    00000002     --HOLE-- [fill = 0]
                  000029ac    0000006c                                   : hostrename.c.obj (.text:HOSTrename)
                  00002a18    00000068                                   : hostlseek.c.obj (.text:HOSTlseek)
                  00002a80    00000068                                   : copy_decompress_lzss.c.obj (.text:decompress:lzss:__TI_decompress_lzss)
                  00002ae8    00000068                                   : printf.c.obj (.text:printf)
                  00002b50    00000064                                   : s_frexp.c.obj (.text:frexp)
                  00002bb4    00000064                                   : fseek.c.obj (.text:fseek)
                  00002c18    00000062                                   : _io_perm.c.obj (.text:__TI_wrt_ok)
                  00002c7a    00000002     --HOLE-- [fill = 0]
                  00002c7c    00000060                                   : hostopen.c.obj (.text:HOSTopen)
                  00002cdc    0000005c                                   : close.c.obj (.text:close)
                  00002d38    00000058                                   : hostread.c.obj (.text:HOSTread)
                  00002d90    00000058                                   : hostwrite.c.obj (.text:HOSTwrite)
                  00002de8    00000056                                   : _printfi.c.obj (.text:_pconv_f)
                  00002e3e    00000054                                   : _ltoa.c.obj (.text:__TI_ltoa)
                  00002e92    00000052                                   : _printfi.c.obj (.text:_ecpy)
                  00002ee4    0000004c                                   : fflush.c.obj (.text:__TI_doflush)
                  00002f30    0000004c                                   : atoi.c.obj (.text:atoi)
                  00002f7c    00000048                                   : exit.c.obj (.text:exit)
                  00002fc4    00000048                                   : fd_toi_t2.asm.obj (.text)
                  0000300c    00000044                                   : hostclose.c.obj (.text:HOSTclose)
                  00003050    00000044                                   : hostunlink.c.obj (.text:HOSTunlink)
                  00003094    00000044                                   : autoinit.c.obj (.text:__TI_auto_init_nobinit_nopinit:__TI_auto_init_nobinit_nopinit)
                  000030d8    00000044                                   : getdevice.c.obj (.text:getdevice)
                  0000311c    0000003e                                   : _printfi.c.obj (.text:_fcpy)
                  0000315a    00000002     --HOLE-- [fill = 0]
                  0000315c    00000038                                   : trgmsg.c.obj (.text:__TI_writemsg)
                  00003194    00000036                                   : strncpy.c.obj (.text:strncpy)
                  000031ca    00000002     --HOLE-- [fill = 0]
                  000031cc    00000034                                   : fopen.c.obj (.text:__TI_cleanup)
                  00003200    00000034                                   : trgmsg.c.obj (.text:__TI_readmsg)
                  00003234    00000034                                   : boot_cortex_m.c.obj (.text:_c_int00_noargs:_c_int00_noargs)
                  00003268    00000030                                   : getdevice.c.obj (.text:finddevice)
                  00003298    0000002e                                   : i_tofd_t2.asm.obj (.text)
                  000032c6    00000002     --HOLE-- [fill = 0]
                  000032c8    0000002c                                   : unlink.c.obj (.text:unlink)
                  000032f4    00000028                                   : memory.c.obj (.text:free_list_insert)
                  0000331c    00000028                                   : lseek.c.obj (.text:lseek)
                  00003344    00000028                                   : write.c.obj (.text:write)
                  0000336c    00000020                                   : memchr.c.obj (.text:memchr)
                  0000338c    0000001c                                   : copy_zero_init.c.obj (.text:decompress:ZI:__TI_zero_init_nomemset:__TI_zero_init_nomemset)
                  000033a8    0000001c                                   : memory.c.obj (.text:free_list_remove)
                  000033c4    0000001c                                   : memccpy.c.obj (.text:memccpy)
                  000033e0    0000001a                                   : s_copysign.c.obj (.text:copysign)
                  000033fa    00000018                                   : strcmp.c.obj (.text:strcmp)
                  00003412    00000016                                   : strchr.c.obj (.text:strchr)
                  00003428    00000014                                   : strcpy.c.obj (.text:strcpy)
                  0000343c    00000014                                   : strlen.c.obj (.text:strlen)
                  00003450    00000012                                   : wcslen.c.obj (.text:wcslen)
                  00003462    0000000e                                   : copy_decompress_none.c.obj (.text:decompress:none:__TI_decompress_none)
                  00003470    0000000e     startup_msp432p401r_ccs.obj (.text)
                  0000347e    00000002     --HOLE-- [fill = 0]
                  00003480    00000008     rtsv7M4_T_le_v4SPD16_eabi.lib : errno.c.obj (.text:__aeabi_errno_addr)
                  00003488    00000008                                   : memory.c.obj (.text:malloc)
                  00003490    00000004                                   : printf.c.obj (.text:_outc)
                  00003494    00000004                                   : printf.c.obj (.text:_outs)
                  00003498    00000004                                   : pre_init.c.obj (.text:_system_pre_init)
                  0000349c    00000004                                   : exit.c.obj (.text:abort:abort)

.const     0    000034a0    00000101     
                  000034a0    00000101     rtsv7M4_T_le_v4SPD16_eabi.lib : ctype.c.obj (.const:.string:_ctypes_)

.cinit     0    000035a8    00000098     
                  000035a8    0000006f     (.cinit..data.load) [load image, compression = lzss]
                  00003617    00000001     --HOLE-- [fill = 0]
                  00003618    0000000c     (__TI_handler_table)
                  00003624    00000004     --HOLE-- [fill = 0]
                  00003628    00000008     (.cinit..bss.load) [load image, compression = zero_init]
                  00003630    00000010     (__TI_cinit_table)

.init_array 
*          0    00000000    00000000     UNINITIALIZED

.binit     0    00000000    00000000     

.sysmem    0    20000000    00000400     UNINITIALIZED
                  20000000    00000010     rtsv7M4_T_le_v4SPD16_eabi.lib : memory.c.obj (.sysmem)
                  20000010    000003f0     --HOLE--

.data      0    20000400    00000204     UNINITIALIZED
                  20000400    000000f0     rtsv7M4_T_le_v4SPD16_eabi.lib : defs.c.obj (.data:_ftable)
                  200004f0    00000078                                   : host_device.c.obj (.data:_device)
                  20000568    00000050                                   : host_device.c.obj (.data:_stream)
                  200005b8    00000018     Clock.obj (.data)
                  200005d0    00000010     rtsv7M4_T_le_v4SPD16_eabi.lib : defs.c.obj (.data)
                  200005e0    0000000c                                   : exit.c.obj (.data:$O1$$)
                  200005ec    00000008                                   : _lock.c.obj (.data:$O1$$)
                  200005f4    00000008                                   : memory.c.obj (.data:$O1$$)
                  200005fc    00000004                                   : errno.c.obj (.data)
                  20000600    00000004     system_msp432p401r.obj (.data)

.bss       0    20000604    000001d0     UNINITIALIZED
                  20000604    00000120     rtsv7M4_T_le_v4SPD16_eabi.lib : trgmsg.c.obj (.bss:_CIOBUF_)
                  20000724    000000a0     (.common:__TI_tmpnams)
                  200007c4    00000008     (.common:parmbuf)
                  200007cc    00000004     (.common:left_count)
                  200007d0    00000002     (.common:first_right)
                  200007d2    00000002     (.common:period_right)

.stack     0    2000fe00    00000200     UNINITIALIZED
                  2000fe00    00000004     rtsv7M4_T_le_v4SPD16_eabi.lib : boot_cortex_m.c.obj (.stack)
                  2000fe04    000001fc     --HOLE--

__llvm_prf_cnts 
*          0    20000000    00000000     UNINITIALIZED

MODULE SUMMARY

       Module                        code    ro data   rw data
       ------                        ----    -------   -------
    ./
       main.obj                      1192    0         16     
       system_msp432p401r.obj        820     0         8      
       Clock.obj                     480     0         48     
       startup_msp432p401r_ccs.obj   14      228       0      
    +--+-----------------------------+-------+---------+---------+
       Total:                        2506    228       72     
                                                              
    /Applications/ti/ccs1280/ccs/tools/compiler/ti-cgt-arm_20.2.7.LTS/lib/rtsv7M4_T_le_v4SPD16_eabi.lib
       _printfi.c.obj                4851    0         0      
       defs.c.obj                    0       0         832    
       memory.c.obj                  672     0         16     
       trgmsg.c.obj                  108     0         576    
       fd_add_t2.asm.obj             438     0         0      
       host_device.c.obj             0       0         400    
       fd_div_t2.asm.obj             310     0         0      
       fputs.c.obj                   276     0         0      
       s_scalbn.c.obj                272     0         0      
       fd_cmp_t2.asm.obj             268     0         0      
       ctype.c.obj                   0       257       0      
       fd_mul_t2.asm.obj             252     0         0      
       setvbuf.c.obj                 220     0         0      
       memcpy_t2.asm.obj             156     0         0      
       ull_div_t2.asm.obj            150     0         0      
       fputc.c.obj                   140     0         0      
       memset_t2.asm.obj             122     0         0      
       fclose.c.obj                  116     0         0      
       getdevice.c.obj               116     0         0      
       hostopen.c.obj                96      0         16     
       printf.c.obj                  112     0         0      
       hostrename.c.obj              108     0         0      
       copy_decompress_lzss.c.obj    104     0         0      
       hostlseek.c.obj               104     0         0      
       exit.c.obj                    76      0         24     
       fseek.c.obj                   100     0         0      
       s_frexp.c.obj                 100     0         0      
       _io_perm.c.obj                98      0         0      
       close.c.obj                   92      0         0      
       hostread.c.obj                88      0         0      
       hostwrite.c.obj               88      0         0      
       _ltoa.c.obj                   84      0         0      
       atoi.c.obj                    76      0         0      
       fflush.c.obj                  76      0         0      
       fd_toi_t2.asm.obj             72      0         0      
       autoinit.c.obj                68      0         0      
       hostclose.c.obj               68      0         0      
       hostunlink.c.obj              68      0         0      
       strncpy.c.obj                 54      0         0      
       boot_cortex_m.c.obj           52      0         0      
       fopen.c.obj                   52      0         0      
       i_tofd_t2.asm.obj             46      0         0      
       unlink.c.obj                  44      0         0      
       lseek.c.obj                   40      0         0      
       write.c.obj                   40      0         0      
       memchr.c.obj                  32      0         0      
       copy_zero_init.c.obj          28      0         0      
       memccpy.c.obj                 28      0         0      
       s_copysign.c.obj              26      0         0      
       strcmp.c.obj                  24      0         0      
       strchr.c.obj                  22      0         0      
       strcpy.c.obj                  20      0         0      
       strlen.c.obj                  20      0         0      
       _lock.c.obj                   2       0         16     
       wcslen.c.obj                  18      0         0      
       errno.c.obj                   8       0         8      
       copy_decompress_none.c.obj    14      0         0      
       pre_init.c.obj                4       0         0      
       div0.asm.obj                  2       0         0      
    +--+-----------------------------+-------+---------+---------+
       Total:                        10721   257       1888   
                                                              
       Heap:                         0       0         2048   
       Stack:                        0       0         1024   
       Linker Generated:             0       147       0      
    +--+-----------------------------+-------+---------+---------+
       Grand Total:                  13227   632       5032   


LINKER GENERATED COPY TABLES

__TI_cinit_table @ 00003630 records: 2, size/record: 8, table size: 16
	.data: load addr=000035a8, load size=0000006f bytes, run addr=20000400, run size=00000204 bytes, compression=lzss
	.bss: load addr=00003628, load size=00000008 bytes, run addr=20000604, run size=000001d0 bytes, compression=zero_init


LINKER GENERATED HANDLER TABLE

__TI_handler_table @ 00003618 records: 3, size/record: 4, table size: 12
	index: 0, handler: __TI_decompress_lzss
	index: 1, handler: __TI_decompress_none
	index: 2, handler: __TI_zero_init


GLOBAL SYMBOLS: SORTED ALPHABETICALLY BY Name 

address   name                           
-------   ----                           
0000347d  ADC14_IRQHandler               
0000347d  AES256_IRQHandler              
0000347d  BusFault_Handler               
0000349d  C$$EXIT                        
0000318b  C$$IO$$                        
0000347d  COMP_E0_IRQHandler             
0000347d  COMP_E1_IRQHandler             
200005c0  CPMwait                        
0000347d  CS_IRQHandler                  
200005b8  ClockFrequency                 
000016d5  Clock_Delay1ms                 
000016ab  Clock_Delay1us                 
00001697  Clock_GetFreq                  
00001581  Clock_Init48MHz                
200005cc  Crystalstable                  
0000347d  DMA_ERR_IRQHandler             
0000347d  DMA_INT0_IRQHandler            
0000347d  DMA_INT1_IRQHandler            
0000347d  DMA_INT2_IRQHandler            
0000347d  DMA_INT3_IRQHandler            
0000347d  DebugMon_Handler               
0000347d  Default_Handler                
0000347d  EUSCIA0_IRQHandler             
0000347d  EUSCIA1_IRQHandler             
0000347d  EUSCIA2_IRQHandler             
0000347d  EUSCIA3_IRQHandler             
0000347d  EUSCIB0_IRQHandler             
0000347d  EUSCIB1_IRQHandler             
0000347d  EUSCIB2_IRQHandler             
0000347d  EUSCIB3_IRQHandler             
0000347d  FLCTL_IRQHandler               
0000347d  FPU_IRQHandler                 
0000300d  HOSTclose                      
00002a19  HOSTlseek                      
00002c7d  HOSTopen                       
00002d39  HOSTread                       
000029ad  HOSTrename                     
00003051  HOSTunlink                     
00002d91  HOSTwrite                      
0000347d  HardFault_Handler              
200005c8  IFlags                         
0000347d  MemManage_Handler              
0000347d  NMI_Handler                    
0000347d  PCM_IRQHandler                 
0000347d  PORT1_IRQHandler               
0000347d  PORT2_IRQHandler               
0000347d  PORT3_IRQHandler               
0000347d  PORT4_IRQHandler               
0000347d  PORT5_IRQHandler               
0000347d  PORT6_IRQHandler               
0000347d  PSS_IRQHandler                 
0000347d  PendSV_Handler                 
200005c4  Postwait                       
200005bc  Prewait                        
0000347d  RTC_C_IRQHandler               
00003471  Reset_Handler                  
0000347d  SVC_Handler                    
0000347d  SysTick_Handler                
20000600  SystemCoreClock                
00000fdd  SystemCoreClockUpdate          
00001255  SystemInit                     
0000347d  T32_INT1_IRQHandler            
0000347d  T32_INT2_IRQHandler            
0000347d  T32_INTC_IRQHandler            
0000347d  TA0_0_IRQHandler               
0000347d  TA0_N_IRQHandler               
0000347d  TA1_0_IRQHandler               
0000347d  TA1_N_IRQHandler               
0000347d  TA2_0_IRQHandler               
0000347d  TA2_N_IRQHandler               
00000e29  TA3_0_IRQHandler               
00000e29  TA3_0_IRQHandler               
00000e4b  TA3_N_IRQHandler               
00000e4b  TA3_N_IRQHandler               
0000347d  UsageFault_Handler             
4000480c  WDTCTL_SYM                     
0000347d  WDT_A_IRQHandler               
20000604  __CIOBUF_                      
20010000  __STACK_END                    
00000200  __STACK_SIZE                   
00000400  __SYSMEM_SIZE                  
00003630  __TI_CINIT_Base                
00003640  __TI_CINIT_Limit               
00003618  __TI_Handler_Table_Base        
00003624  __TI_Handler_Table_Limit       
00003095  __TI_auto_init_nobinit_nopinit 
000031cd  __TI_cleanup                   
200005e0  __TI_cleanup_ptr               
00002859  __TI_closefile                 
00002a81  __TI_decompress_lzss           
00003463  __TI_decompress_none           
00002ee5  __TI_doflush                   
200005e4  __TI_dtors_ptr                 
200005e8  __TI_enable_exit_profile_output
200005d0  __TI_ft_end                    
00002e3f  __TI_ltoa                      
ffffffff  __TI_pprof_out_hndl            
000000e5  __TI_printfi                   
ffffffff  __TI_prof_data_size            
ffffffff  __TI_prof_data_start           
00003201  __TI_readmsg                   
00000000  __TI_static_base__             
20000724  __TI_tmpnams                   
0000315d  __TI_writemsg                  
00002c19  __TI_wrt_ok                    
0000338d  __TI_zero_init_nomemset        
000026d1  __aeabi_cdcmpeq                
000026d1  __aeabi_cdcmple                
00002757  __aeabi_cdrcmple               
00002fc5  __aeabi_d2iz                   
0000193b  __aeabi_dadd                   
00001c25  __aeabi_ddiv                   
000021a5  __aeabi_dmul                   
00001931  __aeabi_dsub                   
00003481  __aeabi_errno_addr             
00003299  __aeabi_i2d                    
00001ae7  __aeabi_idiv0                  
00001ae7  __aeabi_ldiv0                  
000027dd  __aeabi_memclr                 
000027dd  __aeabi_memclr4                
000027dd  __aeabi_memclr8                
00002513  __aeabi_memcpy                 
00002513  __aeabi_memcpy4                
00002513  __aeabi_memcpy8                
000027df  __aeabi_memset                 
000027df  __aeabi_memset4                
000027df  __aeabi_memset8                
200005dc  __aeabi_stderr                 
200005d4  __aeabi_stdin                  
200005d8  __aeabi_stdout                 
000025af  __aeabi_uldivmod               
ffffffff  __binit__                      
ffffffff  __c_args__                     
UNDEFED   __mpu_init                     
2000fe00  __stack                        
20000000  __start___llvm_prf_cnts        
20000000  __stop___llvm_prf_cnts         
00003235  _c_int00_noargs                
000034a0  _ctypes_                       
200004f0  _device                        
20000400  _ftable                        
200005ec  _lock                          
00000b33  _nop                           
20000568  _stream                        
20000000  _sys_memory                    
UNDEFED   _system_post_cinit             
00003499  _system_pre_init               
200005f0  _unlock                        
0000349d  abort                          
000020a5  aligned_alloc                  
00002f31  atoi                           
ffffffff  binit                          
00002cdd  close                          
000033e1  copysign                       
000033e1  copysignl                      
0000169d  delay                          
200005fc  errno                          
00002f7d  exit                           
00003269  finddevice                     
200007d0  first_right                    
00002645  fputc                          
00001e81  fputs                          
000022a1  free                           
00002b51  frexp                          
00002b51  frexpl                         
00002bb5  fseek                          
000030d9  getdevice                      
00000000  interruptVectors               
00000c7d  ir_init                        
00001f95  ldexp                          
00001f95  ldexpl                         
00000ced  led_init                       
00000c59  left_backward                  
200007cc  left_count                     
00000c4d  left_forward                   
0000331d  lseek                          
00000ec1  main                           
00003489  malloc                         
000020a5  memalign                       
000033c5  memccpy                        
0000336d  memchr                         
00002513  memcpy                         
000027e5  memset                         
00000b9b  motor_init                     
00000c23  move                           
200007c4  parmbuf                        
200007d2  period_right                   
00002ae9  printf                         
00002645  putc                           
00000b35  pwm_init34                     
000032c9  remove                         
00000c71  right_backward                 
00000c65  right_forward                  
00000e5f  rotate_30_degrees              
00001f95  scalbn                         
00001f95  scalbnl                        
00002385  setvbuf                        
00003413  strchr                         
000033fb  strcmp                         
00003429  strcpy                         
0000343d  strlen                         
00003195  strncpy                        
00000d17  switch_init                    
00000d6b  systick_init                   
00000d7b  systick_wait1ms                
00000d93  systick_wait1s                 
00000dbb  timer_A3_capture_init          
00000d4b  turn_off_led                   
00000d57  turn_on_led                    
000032c9  unlink                         
00003451  wcslen                         
00003345  write                          


GLOBAL SYMBOLS: SORTED BY Symbol Address 

address   name                           
-------   ----                           
00000000  __TI_static_base__             
00000000  interruptVectors               
000000e5  __TI_printfi                   
00000200  __STACK_SIZE                   
00000400  __SYSMEM_SIZE                  
00000b33  _nop                           
00000b35  pwm_init34                     
00000b9b  motor_init                     
00000c23  move                           
00000c4d  left_forward                   
00000c59  left_backward                  
00000c65  right_forward                  
00000c71  right_backward                 
00000c7d  ir_init                        
00000ced  led_init                       
00000d17  switch_init                    
00000d4b  turn_off_led                   
00000d57  turn_on_led                    
00000d6b  systick_init                   
00000d7b  systick_wait1ms                
00000d93  systick_wait1s                 
00000dbb  timer_A3_capture_init          
00000e29  TA3_0_IRQHandler               
00000e29  TA3_0_IRQHandler               
00000e4b  TA3_N_IRQHandler               
00000e4b  TA3_N_IRQHandler               
00000e5f  rotate_30_degrees              
00000ec1  main                           
00000fdd  SystemCoreClockUpdate          
00001255  SystemInit                     
00001581  Clock_Init48MHz                
00001697  Clock_GetFreq                  
0000169d  delay                          
000016ab  Clock_Delay1us                 
000016d5  Clock_Delay1ms                 
00001931  __aeabi_dsub                   
0000193b  __aeabi_dadd                   
00001ae7  __aeabi_idiv0                  
00001ae7  __aeabi_ldiv0                  
00001c25  __aeabi_ddiv                   
00001e81  fputs                          
00001f95  ldexp                          
00001f95  ldexpl                         
00001f95  scalbn                         
00001f95  scalbnl                        
000020a5  aligned_alloc                  
000020a5  memalign                       
000021a5  __aeabi_dmul                   
000022a1  free                           
00002385  setvbuf                        
00002513  __aeabi_memcpy                 
00002513  __aeabi_memcpy4                
00002513  __aeabi_memcpy8                
00002513  memcpy                         
000025af  __aeabi_uldivmod               
00002645  fputc                          
00002645  putc                           
000026d1  __aeabi_cdcmpeq                
000026d1  __aeabi_cdcmple                
00002757  __aeabi_cdrcmple               
000027dd  __aeabi_memclr                 
000027dd  __aeabi_memclr4                
000027dd  __aeabi_memclr8                
000027df  __aeabi_memset                 
000027df  __aeabi_memset4                
000027df  __aeabi_memset8                
000027e5  memset                         
00002859  __TI_closefile                 
000029ad  HOSTrename                     
00002a19  HOSTlseek                      
00002a81  __TI_decompress_lzss           
00002ae9  printf                         
00002b51  frexp                          
00002b51  frexpl                         
00002bb5  fseek                          
00002c19  __TI_wrt_ok                    
00002c7d  HOSTopen                       
00002cdd  close                          
00002d39  HOSTread                       
00002d91  HOSTwrite                      
00002e3f  __TI_ltoa                      
00002ee5  __TI_doflush                   
00002f31  atoi                           
00002f7d  exit                           
00002fc5  __aeabi_d2iz                   
0000300d  HOSTclose                      
00003051  HOSTunlink                     
00003095  __TI_auto_init_nobinit_nopinit 
000030d9  getdevice                      
0000315d  __TI_writemsg                  
0000318b  C$$IO$$                        
00003195  strncpy                        
000031cd  __TI_cleanup                   
00003201  __TI_readmsg                   
00003235  _c_int00_noargs                
00003269  finddevice                     
00003299  __aeabi_i2d                    
000032c9  remove                         
000032c9  unlink                         
0000331d  lseek                          
00003345  write                          
0000336d  memchr                         
0000338d  __TI_zero_init_nomemset        
000033c5  memccpy                        
000033e1  copysign                       
000033e1  copysignl                      
000033fb  strcmp                         
00003413  strchr                         
00003429  strcpy                         
0000343d  strlen                         
00003451  wcslen                         
00003463  __TI_decompress_none           
00003471  Reset_Handler                  
0000347d  ADC14_IRQHandler               
0000347d  AES256_IRQHandler              
0000347d  BusFault_Handler               
0000347d  COMP_E0_IRQHandler             
0000347d  COMP_E1_IRQHandler             
0000347d  CS_IRQHandler                  
0000347d  DMA_ERR_IRQHandler             
0000347d  DMA_INT0_IRQHandler            
0000347d  DMA_INT1_IRQHandler            
0000347d  DMA_INT2_IRQHandler            
0000347d  DMA_INT3_IRQHandler            
0000347d  DebugMon_Handler               
0000347d  Default_Handler                
0000347d  EUSCIA0_IRQHandler             
0000347d  EUSCIA1_IRQHandler             
0000347d  EUSCIA2_IRQHandler             
0000347d  EUSCIA3_IRQHandler             
0000347d  EUSCIB0_IRQHandler             
0000347d  EUSCIB1_IRQHandler             
0000347d  EUSCIB2_IRQHandler             
0000347d  EUSCIB3_IRQHandler             
0000347d  FLCTL_IRQHandler               
0000347d  FPU_IRQHandler                 
0000347d  HardFault_Handler              
0000347d  MemManage_Handler              
0000347d  NMI_Handler                    
0000347d  PCM_IRQHandler                 
0000347d  PORT1_IRQHandler               
0000347d  PORT2_IRQHandler               
0000347d  PORT3_IRQHandler               
0000347d  PORT4_IRQHandler               
0000347d  PORT5_IRQHandler               
0000347d  PORT6_IRQHandler               
0000347d  PSS_IRQHandler                 
0000347d  PendSV_Handler                 
0000347d  RTC_C_IRQHandler               
0000347d  SVC_Handler                    
0000347d  SysTick_Handler                
0000347d  T32_INT1_IRQHandler            
0000347d  T32_INT2_IRQHandler            
0000347d  T32_INTC_IRQHandler            
0000347d  TA0_0_IRQHandler               
0000347d  TA0_N_IRQHandler               
0000347d  TA1_0_IRQHandler               
0000347d  TA1_N_IRQHandler               
0000347d  TA2_0_IRQHandler               
0000347d  TA2_N_IRQHandler               
0000347d  UsageFault_Handler             
0000347d  WDT_A_IRQHandler               
00003481  __aeabi_errno_addr             
00003489  malloc                         
00003499  _system_pre_init               
0000349d  C$$EXIT                        
0000349d  abort                          
000034a0  _ctypes_                       
00003618  __TI_Handler_Table_Base        
00003624  __TI_Handler_Table_Limit       
00003630  __TI_CINIT_Base                
00003640  __TI_CINIT_Limit               
20000000  __start___llvm_prf_cnts        
20000000  __stop___llvm_prf_cnts         
20000000  _sys_memory                    
20000400  _ftable                        
200004f0  _device                        
20000568  _stream                        
200005b8  ClockFrequency                 
200005bc  Prewait                        
200005c0  CPMwait                        
200005c4  Postwait                       
200005c8  IFlags                         
200005cc  Crystalstable                  
200005d0  __TI_ft_end                    
200005d4  __aeabi_stdin                  
200005d8  __aeabi_stdout                 
200005dc  __aeabi_stderr                 
200005e0  __TI_cleanup_ptr               
200005e4  __TI_dtors_ptr                 
200005e8  __TI_enable_exit_profile_output
200005ec  _lock                          
200005f0  _unlock                        
200005fc  errno                          
20000600  SystemCoreClock                
20000604  __CIOBUF_                      
20000724  __TI_tmpnams                   
200007c4  parmbuf                        
200007cc  left_count                     
200007d0  first_right                    
200007d2  period_right                   
2000fe00  __stack                        
20010000  __STACK_END                    
4000480c  WDTCTL_SYM                     
ffffffff  __TI_pprof_out_hndl            
ffffffff  __TI_prof_data_size            
ffffffff  __TI_prof_data_start           
ffffffff  __binit__                      
ffffffff  __c_args__                     
ffffffff  binit                          
UNDEFED   __mpu_init                     
UNDEFED   _system_post_cinit             

[212 symbols]
