******************************************************************************
                  TI ARM Linker Unix v20.2.7                   
******************************************************************************
>> Linked Fri Dec 20 04:54:30 2024

OUTPUT FILE NAME:   <LineFollower.out>
ENTRY POINT SYMBOL: "_c_int00_noargs"  address: 00003e01


MEMORY CONFIGURATION

         name            origin    length      used     unused   attr    fill
----------------------  --------  ---------  --------  --------  ----  --------
  MAIN                  00000000   00040000  00004481  0003bb7f  R  X
  INFO                  00200000   00004000  00000000  00004000  R  X
  SRAM_CODE             01000000   00010000  000009de  0000f622  RW X
  SRAM_DATA             20000000   00010000  000009de  0000f622  RW  


SEGMENT ALLOCATION MAP

run origin  load origin   length   init length attrs members
----------  ----------- ---------- ----------- ----- -------
00000000    00000000    00004488   00004488    r-x
  00000000    00000000    000000e4   000000e4    r-- .intvecs
  000000e4    000000e4    00003fac   00003fac    r-x .text
  00004090    00004090    00000359   00000359    r-- .const
  000043f0    000043f0    00000098   00000098    r-- .cinit
20000000    20000000    000007de   00000000    rw-
  20000000    20000000    00000400   00000000    rw- .sysmem
  20000400    20000400    00000210   00000000    rw- .data
  20000610    20000610    000001ce   00000000    rw- .bss
2000fe00    2000fe00    00000200   00000000    rw-
  2000fe00    2000fe00    00000200   00000000    rw- .stack


SECTION ALLOCATION MAP

 output                                  attributes/
section   page    origin      length       input sections
--------  ----  ----------  ----------   ----------------
.intvecs   0    00000000    000000e4     
                  00000000    000000e4     startup_msp432p401r_ccs.obj (.intvecs:retain)

.text      0    000000e4    00003fac     
                  000000e4    00000a4e     rtsv7M4_T_le_v4SPD16_eabi.lib : _printfi.c.obj (.text:__TI_printfi)
                  00000b32    00000002                                   : _lock.c.obj (.text:_nop)
                  00000b34    0000068c     FSMController.obj (.text)
                  000011c0    00000420     PWM.obj (.text)
                  000015e0    00000334     system_msp432p401r.obj (.text)
                  00001914    00000270     rtsv7M4_T_le_v4SPD16_eabi.lib : _printfi.c.obj (.text:_pconv_a)
                  00001b84    00000210     Motor.obj (.text)
                  00001d94    000001e0     Clock.obj (.text)
                  00001f74    000001d0     rtsv7M4_T_le_v4SPD16_eabi.lib : _printfi.c.obj (.text:_pconv_g)
                  00002144    000001b6                                   : fd_add_t2.asm.obj (.text)
                  000022fa    00000002                                   : div0.asm.obj (.text)
                  000022fc    00000140     main.obj (.text)
                  0000243c    0000013c     rtsv7M4_T_le_v4SPD16_eabi.lib : _printfi.c.obj (.text:_pconv_e)
                  00002578    00000136                                   : fd_div_t2.asm.obj (.text)
                  000026ae    00000002     --HOLE-- [fill = 0]
                  000026b0    00000124     Reflectance.obj (.text)
                  000027d4    00000124     rtsv7M4_T_le_v4SPD16_eabi.lib : _printfi.c.obj (.text:fcvt)
                  000028f8    00000114     BumpInt.obj (.text)
                  00002a0c    00000114     rtsv7M4_T_le_v4SPD16_eabi.lib : fputs.c.obj (.text:fputs)
                  00002b20    00000110                                   : s_scalbn.c.obj (.text:scalbn)
                  00002c30    00000100                                   : memory.c.obj (.text:aligned_alloc)
                  00002d30    000000fc                                   : fd_mul_t2.asm.obj (.text)
                  00002e2c    000000e4                                   : memory.c.obj (.text:free)
                  00002f10    000000dc                                   : setvbuf.c.obj (.text:setvbuf)
                  00002fec    000000b1                                   : _printfi.c.obj (.text:_ltostr)
                  0000309d    00000001     --HOLE-- [fill = 0]
                  0000309e    0000009c                                   : memcpy_t2.asm.obj (.text)
                  0000313a    00000096                                   : ull_div_t2.asm.obj (.text)
                  000031d0    0000008c                                   : fputc.c.obj (.text:fputc)
                  0000325c    00000086                                   : fd_cmp_t2.asm.obj (.text:__aeabi_cdcmple)
                  000032e2    00000086                                   : fd_cmp_t2.asm.obj (.text:__aeabi_cdrcmple)
                  00003368    0000007a                                   : memset_t2.asm.obj (.text)
                  000033e2    00000002     --HOLE-- [fill = 0]
                  000033e4    00000074                                   : fclose.c.obj (.text:__TI_closefile)
                  00003458    00000070                                   : memory.c.obj (.text:split)
                  000034c8    0000006e                                   : _printfi.c.obj (.text:_mcpy)
                  00003536    00000002     --HOLE-- [fill = 0]
                  00003538    0000006c                                   : hostrename.c.obj (.text:HOSTrename)
                  000035a4    00000068                                   : hostlseek.c.obj (.text:HOSTlseek)
                  0000360c    00000068                                   : copy_decompress_lzss.c.obj (.text:decompress:lzss:__TI_decompress_lzss)
                  00003674    00000068                                   : printf.c.obj (.text:printf)
                  000036dc    00000064                                   : s_frexp.c.obj (.text:frexp)
                  00003740    00000064                                   : fseek.c.obj (.text:fseek)
                  000037a4    00000062                                   : _io_perm.c.obj (.text:__TI_wrt_ok)
                  00003806    00000002     --HOLE-- [fill = 0]
                  00003808    00000060                                   : hostopen.c.obj (.text:HOSTopen)
                  00003868    0000005c                                   : close.c.obj (.text:close)
                  000038c4    00000058                                   : hostread.c.obj (.text:HOSTread)
                  0000391c    00000058                                   : hostwrite.c.obj (.text:HOSTwrite)
                  00003974    00000056                                   : _printfi.c.obj (.text:_pconv_f)
                  000039ca    00000054                                   : _ltoa.c.obj (.text:__TI_ltoa)
                  00003a1e    00000052                                   : _printfi.c.obj (.text:_ecpy)
                  00003a70    0000004c                                   : fflush.c.obj (.text:__TI_doflush)
                  00003abc    0000004c                                   : atoi.c.obj (.text:atoi)
                  00003b08    00000048                                   : exit.c.obj (.text:exit)
                  00003b50    00000048                                   : fd_toi_t2.asm.obj (.text)
                  00003b98    00000044                                   : hostclose.c.obj (.text:HOSTclose)
                  00003bdc    00000044                                   : hostunlink.c.obj (.text:HOSTunlink)
                  00003c20    00000044                                   : autoinit.c.obj (.text:__TI_auto_init_nobinit_nopinit:__TI_auto_init_nobinit_nopinit)
                  00003c64    00000044                                   : getdevice.c.obj (.text:getdevice)
                  00003ca8    00000040     SysTickInts.obj (.text)
                  00003ce8    0000003e     rtsv7M4_T_le_v4SPD16_eabi.lib : _printfi.c.obj (.text:_fcpy)
                  00003d26    00000002     --HOLE-- [fill = 0]
                  00003d28    00000038                                   : trgmsg.c.obj (.text:__TI_writemsg)
                  00003d60    00000036                                   : strncpy.c.obj (.text:strncpy)
                  00003d96    00000002     --HOLE-- [fill = 0]
                  00003d98    00000034                                   : fopen.c.obj (.text:__TI_cleanup)
                  00003dcc    00000034                                   : trgmsg.c.obj (.text:__TI_readmsg)
                  00003e00    00000034                                   : boot_cortex_m.c.obj (.text:_c_int00_noargs:_c_int00_noargs)
                  00003e34    00000030                                   : getdevice.c.obj (.text:finddevice)
                  00003e64    0000002e                                   : i_tofd_t2.asm.obj (.text)
                  00003e92    00000002     --HOLE-- [fill = 0]
                  00003e94    0000002c                                   : unlink.c.obj (.text:unlink)
                  00003ec0    00000028                                   : memory.c.obj (.text:free_list_insert)
                  00003ee8    00000028                                   : lseek.c.obj (.text:lseek)
                  00003f10    00000028                                   : write.c.obj (.text:write)
                  00003f38    00000024     CortexM.obj (.text)
                  00003f5c    00000020     rtsv7M4_T_le_v4SPD16_eabi.lib : memchr.c.obj (.text:memchr)
                  00003f7c    0000001c                                   : copy_zero_init.c.obj (.text:decompress:ZI:__TI_zero_init_nomemset:__TI_zero_init_nomemset)
                  00003f98    0000001c                                   : memory.c.obj (.text:free_list_remove)
                  00003fb4    0000001c                                   : memccpy.c.obj (.text:memccpy)
                  00003fd0    0000001a                                   : s_copysign.c.obj (.text:copysign)
                  00003fea    00000018                                   : strcmp.c.obj (.text:strcmp)
                  00004002    00000016                                   : strchr.c.obj (.text:strchr)
                  00004018    00000014                                   : strcpy.c.obj (.text:strcpy)
                  0000402c    00000014                                   : strlen.c.obj (.text:strlen)
                  00004040    00000012                                   : wcslen.c.obj (.text:wcslen)
                  00004052    0000000e                                   : copy_decompress_none.c.obj (.text:decompress:none:__TI_decompress_none)
                  00004060    0000000e     startup_msp432p401r_ccs.obj (.text)
                  0000406e    00000002     --HOLE-- [fill = 0]
                  00004070    00000008     rtsv7M4_T_le_v4SPD16_eabi.lib : errno.c.obj (.text:__aeabi_errno_addr)
                  00004078    00000008                                   : memory.c.obj (.text:malloc)
                  00004080    00000004                                   : printf.c.obj (.text:_outc)
                  00004084    00000004                                   : printf.c.obj (.text:_outs)
                  00004088    00000004                                   : pre_init.c.obj (.text:_system_pre_init)
                  0000408c    00000004                                   : exit.c.obj (.text:abort:abort)

.const     0    00004090    00000359     
                  00004090    00000258     FSMController.obj (.const:fsm)
                  000042e8    00000101     rtsv7M4_T_le_v4SPD16_eabi.lib : ctype.c.obj (.const:.string:_ctypes_)

.cinit     0    000043f0    00000098     
                  000043f0    00000072     (.cinit..data.load) [load image, compression = lzss]
                  00004462    00000002     --HOLE-- [fill = 0]
                  00004464    0000000c     (__TI_handler_table)
                  00004470    00000008     (.cinit..bss.load) [load image, compression = zero_init]
                  00004478    00000010     (__TI_cinit_table)

.init_array 
*          0    00000000    00000000     UNINITIALIZED

.binit     0    00000000    00000000     

.sysmem    0    20000000    00000400     UNINITIALIZED
                  20000000    00000010     rtsv7M4_T_le_v4SPD16_eabi.lib : memory.c.obj (.sysmem)
                  20000010    000003f0     --HOLE--

.data      0    20000400    00000210     UNINITIALIZED
                  20000400    000000f0     rtsv7M4_T_le_v4SPD16_eabi.lib : defs.c.obj (.data:_ftable)
                  200004f0    00000078                                   : host_device.c.obj (.data:_device)
                  20000568    00000050                                   : host_device.c.obj (.data:_stream)
                  200005b8    00000018     Clock.obj (.data)
                  200005d0    00000010     rtsv7M4_T_le_v4SPD16_eabi.lib : defs.c.obj (.data)
                  200005e0    0000000c                                   : exit.c.obj (.data:$O1$$)
                  200005ec    00000009     main.obj (.data)
                  200005f5    00000003     --HOLE--
                  200005f8    00000008     rtsv7M4_T_le_v4SPD16_eabi.lib : _lock.c.obj (.data:$O1$$)
                  20000600    00000008                                   : memory.c.obj (.data:$O1$$)
                  20000608    00000004                                   : errno.c.obj (.data)
                  2000060c    00000004     system_msp432p401r.obj (.data)

.bss       0    20000610    000001ce     UNINITIALIZED
                  20000610    00000120     rtsv7M4_T_le_v4SPD16_eabi.lib : trgmsg.c.obj (.bss:_CIOBUF_)
                  20000730    000000a0     (.common:__TI_tmpnams)
                  200007d0    00000008     (.common:parmbuf)
                  200007d8    00000004     (.common:state)
                  200007dc    00000001     (.common:CollisionData)
                  200007dd    00000001     (.common:CollisionFlag)

.stack     0    2000fe00    00000200     UNINITIALIZED
                  2000fe00    00000004     rtsv7M4_T_le_v4SPD16_eabi.lib : boot_cortex_m.c.obj (.stack)
                  2000fe04    000001fc     --HOLE--

__llvm_prf_cnts 
*          0    20000000    00000000     UNINITIALIZED

MODULE SUMMARY

       Module                        code    ro data   rw data
       ------                        ----    -------   -------
    ./
       FSMController.obj             1676    600       8      
       PWM.obj                       1056    0         0      
       system_msp432p401r.obj        820     0         8      
       Clock.obj                     480     0         48     
       Motor.obj                     528     0         0      
       main.obj                      320     0         22     
       Reflectance.obj               292     0         0      
       BumpInt.obj                   276     0         0      
       startup_msp432p401r_ccs.obj   14      228       0      
       SysTickInts.obj               64      0         0      
       CortexM.obj                   36      0         0      
    +--+-----------------------------+-------+---------+---------+
       Total:                        5562    828       86     
                                                              
    /Applications/ti/ccs1280/ccs/tools/compiler/ti-cgt-arm_20.2.7.LTS/lib/rtsv7M4_T_le_v4SPD16_eabi.lib
       _printfi.c.obj                4851    0         0      
       defs.c.obj                    0       0         832    
       memory.c.obj                  672     0         16     
       trgmsg.c.obj                  108     0         576    
       fd_add_t2.asm.obj             438     0         0      
       host_device.c.obj             0       0         400    
       fd_div_t2.asm.obj             310     0         0      
       fputs.c.obj                   276     0         0      
       s_scalbn.c.obj                272     0         0      
       fd_cmp_t2.asm.obj             268     0         0      
       ctype.c.obj                   0       257       0      
       fd_mul_t2.asm.obj             252     0         0      
       setvbuf.c.obj                 220     0         0      
       memcpy_t2.asm.obj             156     0         0      
       ull_div_t2.asm.obj            150     0         0      
       fputc.c.obj                   140     0         0      
       memset_t2.asm.obj             122     0         0      
       fclose.c.obj                  116     0         0      
       getdevice.c.obj               116     0         0      
       hostopen.c.obj                96      0         16     
       printf.c.obj                  112     0         0      
       hostrename.c.obj              108     0         0      
       copy_decompress_lzss.c.obj    104     0         0      
       hostlseek.c.obj               104     0         0      
       exit.c.obj                    76      0         24     
       fseek.c.obj                   100     0         0      
       s_frexp.c.obj                 100     0         0      
       _io_perm.c.obj                98      0         0      
       close.c.obj                   92      0         0      
       hostread.c.obj                88      0         0      
       hostwrite.c.obj               88      0         0      
       _ltoa.c.obj                   84      0         0      
       atoi.c.obj                    76      0         0      
       fflush.c.obj                  76      0         0      
       fd_toi_t2.asm.obj             72      0         0      
       autoinit.c.obj                68      0         0      
       hostclose.c.obj               68      0         0      
       hostunlink.c.obj              68      0         0      
       strncpy.c.obj                 54      0         0      
       boot_cortex_m.c.obj           52      0         0      
       fopen.c.obj                   52      0         0      
       i_tofd_t2.asm.obj             46      0         0      
       unlink.c.obj                  44      0         0      
       lseek.c.obj                   40      0         0      
       write.c.obj                   40      0         0      
       memchr.c.obj                  32      0         0      
       copy_zero_init.c.obj          28      0         0      
       memccpy.c.obj                 28      0         0      
       s_copysign.c.obj              26      0         0      
       strcmp.c.obj                  24      0         0      
       strchr.c.obj                  22      0         0      
       strcpy.c.obj                  20      0         0      
       strlen.c.obj                  20      0         0      
       _lock.c.obj                   2       0         16     
       wcslen.c.obj                  18      0         0      
       errno.c.obj                   8       0         8      
       copy_decompress_none.c.obj    14      0         0      
       pre_init.c.obj                4       0         0      
       div0.asm.obj                  2       0         0      
    +--+-----------------------------+-------+---------+---------+
       Total:                        10721   257       1888   
                                                              
       Heap:                         0       0         2048   
       Stack:                        0       0         1024   
       Linker Generated:             0       150       0      
    +--+-----------------------------+-------+---------+---------+
       Grand Total:                  16283   1235      5046   


LINKER GENERATED COPY TABLES

__TI_cinit_table @ 00004478 records: 2, size/record: 8, table size: 16
	.data: load addr=000043f0, load size=00000072 bytes, run addr=20000400, run size=00000210 bytes, compression=lzss
	.bss: load addr=00004470, load size=00000008 bytes, run addr=20000610, run size=000001ce bytes, compression=zero_init


LINKER GENERATED HANDLER TABLE

__TI_handler_table @ 00004464 records: 3, size/record: 4, table size: 12
	index: 0, handler: __TI_decompress_lzss
	index: 1, handler: __TI_decompress_none
	index: 2, handler: __TI_zero_init


GLOBAL SYMBOLS: SORTED ALPHABETICALLY BY Name 

address   name                           
-------   ----                           
0000406d  ADC14_IRQHandler               
0000406d  AES256_IRQHandler              
00002345  AverageSensor                  
00000bcf  Blue_LED_Off                   
00000bc3  Blue_LED_On                    
000028f9  BumpInt_Init                   
00002961  Bump_Read                      
0000406d  BusFault_Handler               
0000408d  C$$EXIT                        
00003d57  C$$IO$$                        
0000406d  COMP_E0_IRQHandler             
0000406d  COMP_E1_IRQHandler             
200005c0  CPMwait                        
0000406d  CS_IRQHandler                  
200005b8  ClockFrequency                 
00001ee9  Clock_Delay1ms                 
00001ebf  Clock_Delay1us                 
00001eab  Clock_GetFreq                  
00001d95  Clock_Init48MHz                
200007dc  CollisionData                  
200007dd  CollisionFlag                  
200005cc  Crystalstable                  
0000406d  DMA_ERR_IRQHandler             
0000406d  DMA_INT0_IRQHandler            
0000406d  DMA_INT1_IRQHandler            
0000406d  DMA_INT2_IRQHandler            
0000406d  DMA_INT3_IRQHandler            
0000406d  DebugMon_Handler               
0000406d  Default_Handler                
00003f39  DisableInterrupts              
0000406d  EUSCIA0_IRQHandler             
0000406d  EUSCIA1_IRQHandler             
0000406d  EUSCIA2_IRQHandler             
0000406d  EUSCIA3_IRQHandler             
0000406d  EUSCIB0_IRQHandler             
0000406d  EUSCIB1_IRQHandler             
0000406d  EUSCIB2_IRQHandler             
0000406d  EUSCIB3_IRQHandler             
00003f3f  EnableInterrupts               
00003f4f  EndCritical                    
0000406d  FLCTL_IRQHandler               
0000406d  FPU_IRQHandler                 
00000bb7  Green_LED_Off                  
00000bab  Green_LED_On                   
00003b99  HOSTclose                      
000035a5  HOSTlseek                      
00003809  HOSTopen                       
000038c5  HOSTread                       
00003539  HOSTrename                     
00003bdd  HOSTunlink                     
0000391d  HOSTwrite                      
000023db  HandleCollision                
0000406d  HardFault_Handler              
200005c8  IFlags                         
200005f0  LEDCount                       
00000b69  LED_Init                       
00000bdb  LeftButton_Pressed             
0000406d  MemManage_Handler              
00001d03  Motor_Backward                 
00001c23  Motor_Forward                  
00001b85  Motor_Init                     
00001cb7  Motor_Left                     
00001c6b  Motor_Right                    
00001bf9  Motor_Stop                     
0000406d  NMI_Handler                    
0000406d  PCM_IRQHandler                 
0000406d  PORT1_IRQHandler               
0000406d  PORT2_IRQHandler               
0000406d  PORT3_IRQHandler               
000029cf  PORT4_IRQHandler               
000029cf  PORT4_IRQHandler               
0000406d  PORT5_IRQHandler               
0000406d  PORT6_IRQHandler               
0000406d  PSS_IRQHandler                 
000012ab  PWM_Duty1                      
000012cb  PWM_Duty2                      
0000136f  PWM_Duty3                      
0000138f  PWM_Duty4                      
000011c1  PWM_Init1                      
00001227  PWM_Init12                     
000012eb  PWM_Init34                     
000014d7  PWM_RobotArmDuty0              
000014fd  PWM_RobotArmDuty1              
00001523  PWM_RobotArmDuty2              
000014f7  PWM_RobotArmGetDuty0           
0000151d  PWM_RobotArmGetDuty1           
00001543  PWM_RobotArmGetDuty2           
000013af  PWM_RobotArmInit               
0000406d  PendSV_Handler                 
200005c4  Postwait                       
200005bc  Prewait                        
0000406d  RTC_C_IRQHandler               
000023cf  ReadSensorBit                  
000023c3  ReadSensorData                 
00000b9f  Red_LED_Off                    
00000b93  Red_LED_On                     
200005ee  ReflectCount                   
00002771  Reflectance_End                
000026b1  Reflectance_Init               
0000272b  Reflectance_Start              
00004061  Reset_Handler                  
00000be9  RightButton_Pressed            
0000406d  SVC_Handler                    
00000b35  SW_Init                        
200005ec  SensorInput                    
200005ed  SensorInput_F                  
00003f45  StartCritical                  
000022fd  SysTick_Handler                
000022fd  SysTick_Handler                
00003ca9  SysTick_Init                   
2000060c  SystemCoreClock                
000015e1  SystemCoreClockUpdate          
00001859  SystemInit                     
0000406d  T32_INT1_IRQHandler            
0000406d  T32_INT2_IRQHandler            
0000406d  T32_INTC_IRQHandler            
0000406d  TA0_0_IRQHandler               
0000406d  TA0_N_IRQHandler               
0000406d  TA1_0_IRQHandler               
0000406d  TA1_N_IRQHandler               
0000406d  TA2_0_IRQHandler               
0000406d  TA2_N_IRQHandler               
0000406d  TA3_0_IRQHandler               
0000406d  TA3_N_IRQHandler               
0000406d  UsageFault_Handler             
4000480c  WDTCTL_SYM                     
0000406d  WDT_A_IRQHandler               
00003f57  WaitForInterrupt               
20000610  __CIOBUF_                      
20010000  __STACK_END                    
00000200  __STACK_SIZE                   
00000400  __SYSMEM_SIZE                  
00004478  __TI_CINIT_Base                
00004488  __TI_CINIT_Limit               
00004464  __TI_Handler_Table_Base        
00004470  __TI_Handler_Table_Limit       
00003c21  __TI_auto_init_nobinit_nopinit 
00003d99  __TI_cleanup                   
200005e0  __TI_cleanup_ptr               
000033e5  __TI_closefile                 
0000360d  __TI_decompress_lzss           
00004053  __TI_decompress_none           
00003a71  __TI_doflush                   
200005e4  __TI_dtors_ptr                 
200005e8  __TI_enable_exit_profile_output
200005d0  __TI_ft_end                    
000039cb  __TI_ltoa                      
ffffffff  __TI_pprof_out_hndl            
000000e5  __TI_printfi                   
ffffffff  __TI_prof_data_size            
ffffffff  __TI_prof_data_start           
00003dcd  __TI_readmsg                   
00000000  __TI_static_base__             
20000730  __TI_tmpnams                   
00003d29  __TI_writemsg                  
000037a5  __TI_wrt_ok                    
00003f7d  __TI_zero_init_nomemset        
0000325d  __aeabi_cdcmpeq                
0000325d  __aeabi_cdcmple                
000032e3  __aeabi_cdrcmple               
00003b51  __aeabi_d2iz                   
0000214f  __aeabi_dadd                   
00002579  __aeabi_ddiv                   
00002d31  __aeabi_dmul                   
00002145  __aeabi_dsub                   
00004071  __aeabi_errno_addr             
00003e65  __aeabi_i2d                    
000022fb  __aeabi_idiv0                  
000022fb  __aeabi_ldiv0                  
00003369  __aeabi_memclr                 
00003369  __aeabi_memclr4                
00003369  __aeabi_memclr8                
0000309f  __aeabi_memcpy                 
0000309f  __aeabi_memcpy4                
0000309f  __aeabi_memcpy8                
0000336b  __aeabi_memset                 
0000336b  __aeabi_memset4                
0000336b  __aeabi_memset8                
200005dc  __aeabi_stderr                 
200005d4  __aeabi_stdin                  
200005d8  __aeabi_stdout                 
0000313b  __aeabi_uldivmod               
ffffffff  __binit__                      
ffffffff  __c_args__                     
UNDEFED   __mpu_init                     
2000fe00  __stack                        
20000000  __start___llvm_prf_cnts        
20000000  __stop___llvm_prf_cnts         
00003e01  _c_int00_noargs                
000042e8  _ctypes_                       
200004f0  _device                        
20000400  _ftable                        
200005f8  _lock                          
00000b33  _nop                           
20000568  _stream                        
20000000  _sys_memory                    
UNDEFED   _system_post_cinit             
00004089  _system_pre_init               
200005fc  _unlock                        
0000408d  abort                          
00002c31  aligned_alloc                  
00003abd  atoi                           
ffffffff  binit                          
00000bf7  call_motor                     
00003869  close                          
00003fd1  copysign                       
00003fd1  copysignl                      
00001eb1  delay                          
20000608  errno                          
00003b09  exit                           
00003e35  finddevice                     
000031d1  fputc                          
00002a0d  fputs                          
00002e2d  free                           
000036dd  frexp                          
000036dd  frexpl                         
00003741  fseek                          
00004090  fsm                            
000023d5  getColFlag                     
00003c65  getdevice                      
00000000  interruptVectors               
00002b21  ldexp                          
00002b21  ldexpl                         
200005f4  ledState                       
00003ee9  lseek                          
000023f5  main                           
00004079  malloc                         
00002c31  memalign                       
00003fb5  memccpy                        
00003f5d  memchr                         
0000309f  memcpy                         
00003371  memset                         
200007d0  parmbuf                        
00003675  printf                         
000031d1  putc                           
00003e95  remove                         
00002b21  scalbn                         
00002b21  scalbnl                        
00002f11  setvbuf                        
00000cb5  start_fsm                      
200007d8  state                          
00004003  strchr                         
00003feb  strcmp                         
00004019  strcpy                         
0000402d  strlen                         
00003d61  strncpy                        
00003e95  unlink                         
00004041  wcslen                         
00003f11  write                          


GLOBAL SYMBOLS: SORTED BY Symbol Address 

address   name                           
-------   ----                           
00000000  __TI_static_base__             
00000000  interruptVectors               
000000e5  __TI_printfi                   
00000200  __STACK_SIZE                   
00000400  __SYSMEM_SIZE                  
00000b33  _nop                           
00000b35  SW_Init                        
00000b69  LED_Init                       
00000b93  Red_LED_On                     
00000b9f  Red_LED_Off                    
00000bab  Green_LED_On                   
00000bb7  Green_LED_Off                  
00000bc3  Blue_LED_On                    
00000bcf  Blue_LED_Off                   
00000bdb  LeftButton_Pressed             
00000be9  RightButton_Pressed            
00000bf7  call_motor                     
00000cb5  start_fsm                      
000011c1  PWM_Init1                      
00001227  PWM_Init12                     
000012ab  PWM_Duty1                      
000012cb  PWM_Duty2                      
000012eb  PWM_Init34                     
0000136f  PWM_Duty3                      
0000138f  PWM_Duty4                      
000013af  PWM_RobotArmInit               
000014d7  PWM_RobotArmDuty0              
000014f7  PWM_RobotArmGetDuty0           
000014fd  PWM_RobotArmDuty1              
0000151d  PWM_RobotArmGetDuty1           
00001523  PWM_RobotArmDuty2              
00001543  PWM_RobotArmGetDuty2           
000015e1  SystemCoreClockUpdate          
00001859  SystemInit                     
00001b85  Motor_Init                     
00001bf9  Motor_Stop                     
00001c23  Motor_Forward                  
00001c6b  Motor_Right                    
00001cb7  Motor_Left                     
00001d03  Motor_Backward                 
00001d95  Clock_Init48MHz                
00001eab  Clock_GetFreq                  
00001eb1  delay                          
00001ebf  Clock_Delay1us                 
00001ee9  Clock_Delay1ms                 
00002145  __aeabi_dsub                   
0000214f  __aeabi_dadd                   
000022fb  __aeabi_idiv0                  
000022fb  __aeabi_ldiv0                  
000022fd  SysTick_Handler                
000022fd  SysTick_Handler                
00002345  AverageSensor                  
000023c3  ReadSensorData                 
000023cf  ReadSensorBit                  
000023d5  getColFlag                     
000023db  HandleCollision                
000023f5  main                           
00002579  __aeabi_ddiv                   
000026b1  Reflectance_Init               
0000272b  Reflectance_Start              
00002771  Reflectance_End                
000028f9  BumpInt_Init                   
00002961  Bump_Read                      
000029cf  PORT4_IRQHandler               
000029cf  PORT4_IRQHandler               
00002a0d  fputs                          
00002b21  ldexp                          
00002b21  ldexpl                         
00002b21  scalbn                         
00002b21  scalbnl                        
00002c31  aligned_alloc                  
00002c31  memalign                       
00002d31  __aeabi_dmul                   
00002e2d  free                           
00002f11  setvbuf                        
0000309f  __aeabi_memcpy                 
0000309f  __aeabi_memcpy4                
0000309f  __aeabi_memcpy8                
0000309f  memcpy                         
0000313b  __aeabi_uldivmod               
000031d1  fputc                          
000031d1  putc                           
0000325d  __aeabi_cdcmpeq                
0000325d  __aeabi_cdcmple                
000032e3  __aeabi_cdrcmple               
00003369  __aeabi_memclr                 
00003369  __aeabi_memclr4                
00003369  __aeabi_memclr8                
0000336b  __aeabi_memset                 
0000336b  __aeabi_memset4                
0000336b  __aeabi_memset8                
00003371  memset                         
000033e5  __TI_closefile                 
00003539  HOSTrename                     
000035a5  HOSTlseek                      
0000360d  __TI_decompress_lzss           
00003675  printf                         
000036dd  frexp                          
000036dd  frexpl                         
00003741  fseek                          
000037a5  __TI_wrt_ok                    
00003809  HOSTopen                       
00003869  close                          
000038c5  HOSTread                       
0000391d  HOSTwrite                      
000039cb  __TI_ltoa                      
00003a71  __TI_doflush                   
00003abd  atoi                           
00003b09  exit                           
00003b51  __aeabi_d2iz                   
00003b99  HOSTclose                      
00003bdd  HOSTunlink                     
00003c21  __TI_auto_init_nobinit_nopinit 
00003c65  getdevice                      
00003ca9  SysTick_Init                   
00003d29  __TI_writemsg                  
00003d57  C$$IO$$                        
00003d61  strncpy                        
00003d99  __TI_cleanup                   
00003dcd  __TI_readmsg                   
00003e01  _c_int00_noargs                
00003e35  finddevice                     
00003e65  __aeabi_i2d                    
00003e95  remove                         
00003e95  unlink                         
00003ee9  lseek                          
00003f11  write                          
00003f39  DisableInterrupts              
00003f3f  EnableInterrupts               
00003f45  StartCritical                  
00003f4f  EndCritical                    
00003f57  WaitForInterrupt               
00003f5d  memchr                         
00003f7d  __TI_zero_init_nomemset        
00003fb5  memccpy                        
00003fd1  copysign                       
00003fd1  copysignl                      
00003feb  strcmp                         
00004003  strchr                         
00004019  strcpy                         
0000402d  strlen                         
00004041  wcslen                         
00004053  __TI_decompress_none           
00004061  Reset_Handler                  
0000406d  ADC14_IRQHandler               
0000406d  AES256_IRQHandler              
0000406d  BusFault_Handler               
0000406d  COMP_E0_IRQHandler             
0000406d  COMP_E1_IRQHandler             
0000406d  CS_IRQHandler                  
0000406d  DMA_ERR_IRQHandler             
0000406d  DMA_INT0_IRQHandler            
0000406d  DMA_INT1_IRQHandler            
0000406d  DMA_INT2_IRQHandler            
0000406d  DMA_INT3_IRQHandler            
0000406d  DebugMon_Handler               
0000406d  Default_Handler                
0000406d  EUSCIA0_IRQHandler             
0000406d  EUSCIA1_IRQHandler             
0000406d  EUSCIA2_IRQHandler             
0000406d  EUSCIA3_IRQHandler             
0000406d  EUSCIB0_IRQHandler             
0000406d  EUSCIB1_IRQHandler             
0000406d  EUSCIB2_IRQHandler             
0000406d  EUSCIB3_IRQHandler             
0000406d  FLCTL_IRQHandler               
0000406d  FPU_IRQHandler                 
0000406d  HardFault_Handler              
0000406d  MemManage_Handler              
0000406d  NMI_Handler                    
0000406d  PCM_IRQHandler                 
0000406d  PORT1_IRQHandler               
0000406d  PORT2_IRQHandler               
0000406d  PORT3_IRQHandler               
0000406d  PORT5_IRQHandler               
0000406d  PORT6_IRQHandler               
0000406d  PSS_IRQHandler                 
0000406d  PendSV_Handler                 
0000406d  RTC_C_IRQHandler               
0000406d  SVC_Handler                    
0000406d  T32_INT1_IRQHandler            
0000406d  T32_INT2_IRQHandler            
0000406d  T32_INTC_IRQHandler            
0000406d  TA0_0_IRQHandler               
0000406d  TA0_N_IRQHandler               
0000406d  TA1_0_IRQHandler               
0000406d  TA1_N_IRQHandler               
0000406d  TA2_0_IRQHandler               
0000406d  TA2_N_IRQHandler               
0000406d  TA3_0_IRQHandler               
0000406d  TA3_N_IRQHandler               
0000406d  UsageFault_Handler             
0000406d  WDT_A_IRQHandler               
00004071  __aeabi_errno_addr             
00004079  malloc                         
00004089  _system_pre_init               
0000408d  C$$EXIT                        
0000408d  abort                          
00004090  fsm                            
000042e8  _ctypes_                       
00004464  __TI_Handler_Table_Base        
00004470  __TI_Handler_Table_Limit       
00004478  __TI_CINIT_Base                
00004488  __TI_CINIT_Limit               
20000000  __start___llvm_prf_cnts        
20000000  __stop___llvm_prf_cnts         
20000000  _sys_memory                    
20000400  _ftable                        
200004f0  _device                        
20000568  _stream                        
200005b8  ClockFrequency                 
200005bc  Prewait                        
200005c0  CPMwait                        
200005c4  Postwait                       
200005c8  IFlags                         
200005cc  Crystalstable                  
200005d0  __TI_ft_end                    
200005d4  __aeabi_stdin                  
200005d8  __aeabi_stdout                 
200005dc  __aeabi_stderr                 
200005e0  __TI_cleanup_ptr               
200005e4  __TI_dtors_ptr                 
200005e8  __TI_enable_exit_profile_output
200005ec  SensorInput                    
200005ed  SensorInput_F                  
200005ee  ReflectCount                   
200005f0  LEDCount                       
200005f4  ledState                       
200005f8  _lock                          
200005fc  _unlock                        
20000608  errno                          
2000060c  SystemCoreClock                
20000610  __CIOBUF_                      
20000730  __TI_tmpnams                   
200007d0  parmbuf                        
200007d8  state                          
200007dc  CollisionData                  
200007dd  CollisionFlag                  
2000fe00  __stack                        
20010000  __STACK_END                    
4000480c  WDTCTL_SYM                     
ffffffff  __TI_pprof_out_hndl            
ffffffff  __TI_prof_data_size            
ffffffff  __TI_prof_data_start           
ffffffff  __binit__                      
ffffffff  __c_args__                     
ffffffff  binit                          
UNDEFED   __mpu_init                     
UNDEFED   _system_post_cinit             

[249 symbols]
